ProgramAST(Filename='Tests/Transform/DeadCodeEliminator/visitIf.c', [
  VarDecl(Int, x, false, 0),
  FuncDef(Void, deletethenbranch, Args(Int a), [
    WriteStmt(StrExpr("Else")),
    AssignStmt(
      LHS=NameExpr(x, Store),
      RHS=NumExpr(1),
    ),
  ]),
  FuncDef(Void, deleteelsebranch, Args(Int a), [
    WriteStmt(StrExpr("Then")),
    AssignStmt(
      LHS=NameExpr(x, Store),
      RHS=NumExpr(1),
    ),
  ]),
  FuncDef(Void, nooptimize, Args(Int a), [
    IfStmt(
      Test=BoolOpExpr(false, NameExpr(x, Load)),
      Then=[],
      Else=[],
    ),
  ]),
  FuncDef(Void, main, Args(), []),
])
