ProgramAST(Filename='src/visitBoolOp.c', [
  FuncDef(Void, main, Args(), [
    IfStmt(
      Test=BoolOpExpr(true,
        BinOpExpr(GtE,
          LHS=NumExpr(1),
          RHS=NumExpr(1),
        )
      ),
      Then=[],
      Else=[],
    ),
    IfStmt(
      Test=BoolOpExpr(true,
        BinOpExpr(Gt,
          LHS=NumExpr(1),
          RHS=NumExpr(1),
        )
      ),
      Then=[],
      Else=[],
    ),
    IfStmt(
      Test=BoolOpExpr(true,
        BinOpExpr(LtE,
          LHS=NumExpr(1),
          RHS=NumExpr(1),
        )
      ),
      Then=[],
      Else=[],
    ),
    IfStmt(
      Test=BoolOpExpr(true,
        BinOpExpr(Lt,
          LHS=NumExpr(1),
          RHS=NumExpr(1),
        )
      ),
      Then=[],
      Else=[],
    ),
    IfStmt(
      Test=BoolOpExpr(true,
        BinOpExpr(Eq,
          LHS=NumExpr(1),
          RHS=NumExpr(1),
        )
      ),
      Then=[],
      Else=[],
    ),
    IfStmt(
      Test=BoolOpExpr(true,
        BinOpExpr(NotEq,
          LHS=NumExpr(1),
          RHS=NumExpr(1),
        )
      ),
      Then=[],
      Else=[],
    ),
    IfStmt(
      Test=BoolOpExpr(false,
        BinOpExpr(Add,
          LHS=NumExpr(1),
          RHS=NumExpr(1),
        )
      ),
      Then=[],
      Else=[],
    ),
    IfStmt(
      Test=BoolOpExpr(false, NumExpr(1)),
      Then=[],
      Else=[],
    ),
  ]),
])
