ProgramAST(Filename='./visitBoolOp.c', [
  ConstDecl(Int, ic, NumExpr(1)),
  FuncDef(Void, main, Args(), []),
])
