Dump Arguments:
Expect 1: 1
Expect 2: 2
Expect a: a
Expect b: b
