Expect 2: 2
Expect 2: 2
Expect 97: 97
Expect 194: 194
