MARS 4.5  Copyright 2003-2014 Pete Sanderson and Kenneth Vollmar

Dump Arguments:
Expect 1: 1
Expect 2: 2
Expect a: a
Expect b: b

