MARS 4.5  Copyright 2003-2014 Pete Sanderson and Kenneth Vollmar

Expect 1: 1
Expect 3: 3
Expect 6: 6
Expect 10: 10

