MARS 4.5  Copyright 2003-2014 Pete Sanderson and Kenneth Vollmar

Dump Global Variable:
Expect 1: 1
Dump Global Array:
Expect a: a
Expect b: b

