MARS 4.5  Copyright 2003-2014 Pete Sanderson and Kenneth Vollmar

Dump Global Array:
Expect a: a
Expect a: b
Expect a: c

